---
http_interactions:
- request:
    method: get
    uri: http://tracker.lismore.nsw.gov.au/
    body:
      encoding: US-ASCII
      string: ''
    headers:
      Accept-Encoding:
      - gzip,deflate,identity
      Accept:
      - "*/*"
      User-Agent:
      - Mechanize/2.7.6 Ruby/2.5.1p57 (http://github.com/sparklemotion/mechanize/)
      Accept-Charset:
      - ISO-8859-1,utf-8;q=0.7,*;q=0.7
      Accept-Language:
      - en-us,en;q=0.5
      Host:
      - tracker.lismore.nsw.gov.au
      Connection:
      - keep-alive
      Keep-Alive:
      - '300'
  response:
    status:
      code: 302
      message: Found
    headers:
      Cache-Control:
      - no-cache, no-store
      Pragma:
      - no-cache
      Content-Type:
      - text/html; charset=utf-8
      Expires:
      - "-1"
      Location:
      - "/Home/Disclaimer"
      Server:
      - Microsoft-IIS/8.5
      Set-Cookie:
      - ASP.NET_SessionId=2xfh3aiwf30l3okdvpdvaotw; path=/; HttpOnly
      X-Aspnetmvc-Version:
      - '5.2'
      X-Aspnet-Version:
      - 4.0.30319
      X-Powered-By:
      - ASP.NET
      Date:
      - Sat, 22 Jun 2019 03:26:16 GMT
      Content-Length:
      - '133'
    body:
      encoding: UTF-8
      string: "<html><head><title>Object moved</title></head><body>\r\n<h2>Object
        moved to <a href=\"/Home/Disclaimer\">here</a>.</h2>\r\n</body></html>\r\n"
    http_version: 
  recorded_at: Mon, 13 May 2019 14:00:00 GMT
- request:
    method: get
    uri: http://tracker.lismore.nsw.gov.au/Home/Disclaimer
    body:
      encoding: US-ASCII
      string: ''
    headers:
      Accept-Encoding:
      - gzip,deflate,identity
      Accept:
      - "*/*"
      User-Agent:
      - Mechanize/2.7.6 Ruby/2.5.1p57 (http://github.com/sparklemotion/mechanize/)
      Accept-Charset:
      - ISO-8859-1,utf-8;q=0.7,*;q=0.7
      Accept-Language:
      - en-us,en;q=0.5
      Cookie:
      - ASP.NET_SessionId=2xfh3aiwf30l3okdvpdvaotw
      Host:
      - tracker.lismore.nsw.gov.au
      Connection:
      - keep-alive
      Keep-Alive:
      - '300'
  response:
    status:
      code: 200
      message: OK
    headers:
      Cache-Control:
      - no-cache, no-store
      Pragma:
      - no-cache
      Content-Type:
      - text/html; charset=utf-8
      Expires:
      - "-1"
      Server:
      - Microsoft-IIS/8.5
      X-Aspnetmvc-Version:
      - '5.2'
      X-Aspnet-Version:
      - 4.0.30319
      X-Powered-By:
      - ASP.NET
      Date:
      - Sat, 22 Jun 2019 03:26:16 GMT
      Content-Length:
      - '15997'
    body:
      encoding: UTF-8
      string: "<!DOCTYPE html>\r\n<html lang=\"en\">\r\n<head>\r\n    <meta charset=\"utf-8\">\r\n
        \   <meta http-equiv=\"X-UA-Compatible\" content=\"IE=edge\">\r\n    <meta
        name=\"viewport\" content=\"width=device-width, initial-scale=1\">\r\n    <meta
        name=\"author\" content=\"\">\r\n    <meta name=\"keywords\" content=\"Lismore
        City Council,DA Tracker,Application Tracker,Development Application,Development
        Application Tracking, DA Enquiry, Development Application Enquiry, Application
        Tracker\">\r\n    <meta name=\"description\" content=\"The official Lismore
        City Council Application Tracker\">\r\n\r\n    <title>Lismore City Council
        - Application Tracker</title>\r\n\r\n    <!--favicon-->\r\n    <link href=\"/favicon.ico\"
        rel=\"shortcut icon\" type=\"image/x-icon\">\r\n\r\n    <!-- jQuery -->\r\n
        \   <script src=\"/Scripts/jquery-1.11.1.js\"></script>\r\n\r\n    <script
        src=\"/Scripts/jquery-ui-1.11.2.js\"></script>\r\n\r\n    <link href=\"/Content/themes/base/core.css\"
        rel=\"stylesheet\"/>\r\n<link href=\"/Content/themes/base/accordion.css\"
        rel=\"stylesheet\"/>\r\n<link href=\"/Content/themes/base/theme.css\" rel=\"stylesheet\"/>\r\n\r\n\r\n
        \   <!-- Bootstrap -->\r\n    <script src=\"/Scripts/bootstrap.js\"></script>\r\n\r\n
        \   <link href=\"/Content/bootstrap-theme.css\" rel=\"stylesheet\"/>\r\n<link
        href=\"/Content/bootstrap.css\" rel=\"stylesheet\"/>\r\n\r\n    <link href=\"/Content/font-awesome.css\"
        rel=\"stylesheet\"/>\r\n\r\n\r\n    <!-- DataTables -->\r\n    <script src=\"/Scripts/DataTables/jquery.dataTables.js\"></script>\r\n<script
        src=\"/Scripts/DataTables/dataTables.bootstrap.js\"></script>\r\n<script src=\"/Scripts/DataTables/dataTables.responsive.js\"></script>\r\n\r\n
        \   \r\n    <link href=\"/Content/DataTables/css/dataTables.bootstrap.css\"
        rel=\"stylesheet\"/>\r\n<link href=\"/Content/DataTables/css/dataTables.responsive.css\"
        rel=\"stylesheet\"/>\r\n<link href=\"/Content/DataTables/css/dataTables.responsive.scss\"
        rel=\"stylesheet\"/>\r\n\r\n\r\n    <!-- Bootstrap SB-Admin-2 Plugin and other
        css and js files-->\r\n    <script src=\"/js/bootstrap-combobox.js\"></script>\r\n<script
        src=\"/js/bootstrap-datepicker.js\"></script>\r\n<script src=\"/js/jquery.form.js\"></script>\r\n<script
        src=\"/js/jquery.tablesorter.js\"></script>\r\n<script src=\"/js/masterview.js\"></script>\r\n<script
        src=\"/js/metisMenu.js\"></script>\r\n<script src=\"/js/sb-admin-2.js\"></script>\r\n\r\n
        \   <link href=\"/css/bootstrap-combobox.css\" rel=\"stylesheet\"/>\r\n<link
        href=\"/css/datepicker3.css\" rel=\"stylesheet\"/>\r\n<link href=\"/css/masterview-customisations.css\"
        rel=\"stylesheet\"/>\r\n<link href=\"/css/sb-admin-2.css\" rel=\"stylesheet\"/>\r\n\r\n\r\n
        \   <link href=\"/Council_Theme/Lismore/lismore.css\" rel=\"stylesheet\"/>\r\n\r\n
        \   \r\n\r\n    <!-- HTML5 Shim and Respond.js IE8 support of HTML5 elements
        and media queries -->\r\n    <!-- WARNING: Respond.js doesn't work if you
        view the page via file:// -->\r\n    <!--[if lt IE 9]>\r\n        <script
        src=\"https://oss.maxcdn.com/libs/html5shiv/3.7.0/html5shiv.js\"></script>\r\n
        \       <script src=\"https://oss.maxcdn.com/libs/respond.js/1.4.2/respond.min.js\"></script>\r\n
        \   <![endif]-->\r\n\r\n    <link href='http://fonts.googleapis.com/css?family=Raleway:300,400,600,700'
        rel='stylesheet' type='text/css'>\r\n    <link href='http://fonts.googleapis.com/css?family=Oswald:300,400,700'
        rel='stylesheet' type='text/css'>\r\n</head>\r\n\r\n\r\n<body class=\"cbp-spmenu-push\">\r\n
        \   <div class=\"wr\">\r\n        <div id=\"header\">\r\n    <div class=\"container_12\">\r\n\r\n
        \       <h1 id=\"logo\"><a href=\"http://www.lismore.nsw.gov.au/default.asp\"><img
        src=\"//candidate-office.s3.amazonaws.com/shared/lismore/images/logo.png\"
        alt=\"Lismore City Council\" style=\"padding-top:5px\"><strong class=\"vh\">Lismore
        City Council</strong></a></h1>\r\n\r\n        <div class=\"utility right\">\r\n
        \           <a class=\"home-link\" href=\"http://www.lismore.nsw.gov.au/default.asp\">\r\n
        \               <img src=\"//candidate-office.s3.amazonaws.com/shared/lismore/images/home.png\"
        alt=\"Lismore City Council\">\r\n            </a>\r\n        </div>\r\n\r\n
        \       <div class=\"clear\">\r\n        </div>\r\n\r\n    </div>\r\n</div>\r\n
        \       <div id=\"banner\">\r\n            <div class=\"banner-text cf\">\r\n
        \               <div class=\"banner-text-container\">\r\n                    <h1
        class=\"ow\">DA Tracking <span>Portal</span></h1>\r\n                    <p
        class=\"nm\">Information on development applications in the Lismore Local
        Government Area. </p>\r\n                </div>\r\n            </div>\r\n
        \       </div>\r\n        <div class=\"container_12 intro cf\">            <!--
        Navigation -->\r\n            <nav class=\"navbar navbar-default navbar-static-top\"
        role=\"navigation\" style=\"margin-bottom: 0\">\r\n                <div class=\"navbar-header\">\r\n
        \                   <button type=\"button\" class=\"navbar-toggle\" data-toggle=\"collapse\"
        data-target=\".navbar-collapse\">\r\n                        <span class=\"sr-only\">Toggle
        navigation</span>\r\n                        <span class=\"icon-bar\"></span>\r\n
        \                       <span class=\"icon-bar\"></span>\r\n                        <span
        class=\"icon-bar\"></span>\r\n                    </button>\r\n                    <a
        class=\"navbar-brand\" href=\"#\"></a>\r\n                </div>\r\n                <!--
        /.navbar-header -->\r\n                <ul class=\"nav navbar-top-links navbar-right
        hidden-xs hidden-sm hidden-md\">\r\n                    <li>\r\n                        <a
        href=\"#\"><span id=\"printIcon\" class=\"glyphicon glyphicon-print\" onclick=\"window.print();\"></span></a>\r\n
        \                   </li>\r\n                </ul>\r\n\r\n                <div
        class=\"navbar-default sidebar\" role=\"navigation\">\r\n                    <div
        class=\"sidebar-nav navbar-collapse\">\r\n                        <ul class=\"nav\"
        id=\"side-menu\">\r\n\r\n                        </ul>\r\n                    </div>\r\n
        \                   <!-- /.sidebar-collapse -->\r\n                </div>\r\n
        \               <!-- /.navbar-static-side -->\r\n            </nav>\r\n            <div
        id=\"page-wrapper\">\r\n                <div class=\"container-fluid\">\r\n
        \                   \r\n\r\n\r\n\r\n<div class=\"page-header\">\r\n    <h2>Disclaimer</h2>\r\n</div>\r\n\r\n<div
        id=\"scrollableContent\">\r\n<h4>General conditions of use</h4>\r\n<p class=\"section\">\r\nThis
        website, including the online services provided within it, is provided in
        good faith and for information purposes only.\r\n</p>\r\n\r\n<p class=\"section\">\r\nAlthough
        every effort is made to ensure the relevance, accuracy, currency and timeliness
        of content, Lismore City Council (LCC) accepts no responsibility whatsoever
        for the accuracy, correctness or otherwise of any information on the pages
        published within this site.\r\n</p>\r\n\r\n<p class=\"section\">\r\nWithout
        limiting the generality of the foregoing, and subject only to statute, LCC
        does not warrant that the information on the pages published within this site
        can be relied upon, expressly disclaims all warranties, express or implied,
        including but not limited to the implied warranties of quality or accuracy
        or merchantability and fitness for a particular purpose, and does not warrant
        or make any representations regarding the use or the results of the use of
        any information on the page published within this site.\r\n</p>\r\n\r\n<p
        class=\"section\">\r\nThis facility is under constant amendment to provide
        the latest and most accurate information available. Some information may,
        however, not be current. Changes in circumstances after time of publication
        may impact on the accuracy of the information provided by this website. In
        addition, information published and transmitted electronically may be subject
        to corruption by the process. No person should place reliance upon information
        from this website in circumstances where loss, damage or injury is possible.
        This is particularly important should you wish to use any information for
        any legal or formal complaint purpose.\r\n\r\n</p>\r\n\r\n<p class=\"section\">\r\nSpecific
        enquiries should be made to LCC, in order to obtain the required information
        or advice directly from Council officers and to otherwise ascertain the accuracy
        of all information contained within these pages. In some cases, you may be
        required to make a written application to Council to obtain the desired information
        or advice. LCC is under no liability to any person in respect of any loss
        or damage (including consequential loss or damage) that may be suffered or
        incurred, or which may arise directly or indirectly, in respect of information
        on the pages published within this site.\r\n\r\n</p>\r\n\r\n<p class=\"section\">\r\nInformation
        that is defamatory, breaches copyright laws or is any way illegal must not
        be published on this website and any such content will be removed from the
        website as immediately as is practicable.\r\n\r\n</p>\r\n</br>\r\n\r\n<h4>Disclosure
        of private information</h4>\r\n\r\n<p class=\"section\">\r\nLCC is subject
        to guidelines provided by the Information and Privacy Commission in the matter
        of open government and disclosure of information in the public interest versus
        constraints around the appropriate and legal publication of personal information.
        Please be aware that various documents and forms on this website may contain
        detailed information about matters of privacy and also provides options available
        to persons submitting information to protect their personal information where
        desired. The documentation and submissions published on this website will
        be made available online, worldwide, for an indefinite period of time. If
        at any time you have concerns about your privacy and the implications of submitting
        information for publication, or information published on this website, phone
        us on 1300 87 83 87.\r\n\r\n</p>\r\n<p class=\"section\">\r\nThe Information
        and Privacy Commission guidelines state that it is not in the public interest
        to disclose certain personal information. While LCC will take steps and endeavour
        to protect personal information from being published online, it is the responsibility
        of applicants and people making submissions to properly manage and format
        documentation in accordance with submission guidelines to assist LCC in readily
        identifying personal information for non-disclosure on this website. You acknowledge
        that LCC will not be held liable for publishing personal information that
        is not able to be readily identified in documentation or severable from other
        relevant information provided that is allowed to be published.\r\n\r\n</p>\r\n<p
        class=\"section\">\r\nFurther information can be found at the Information
        and Privacy Commission website <a href=\"http://www.ipc.nsw.gov.au/privacy/ipc_index.html\">http://www.ipc.nsw.gov.au/privacy/ipc_index.html</a>
        or phone 1800 463 626.\r\n\r\n</p>\r\n<p class=\"section\">\r\nYou agree to
        not use information published on this website to harass, intimidate or contact
        other persons in a manner that is unwelcome.\r\n\r\n</p>\r\n<br/>\r\n<h4>Terms
        and conditions of DA Tracking 'search & enquiry' function</h4>\r\n\r\n<p class=\"section\">\r\nAccess
        to this website implies that you have agreed to the following terms and conditions:\r\n<ul>\r\n<li>The
        contents of this website (which includes downloadable material) are subject
        to copyright and are protected by laws of Australia and other countries through
        international treaties. </li>\r\n<li>LCC grants you a non-exclusive licence
        to reproduce the contents of this website in your web browser (and in any
        cache file produced by your web browser) for the sole purpose of viewing the
        content. LCC reserves all other rights.</li>\r\n</ul>\r\n</p>\r\n</br>\r\n<p
        class=\"section\">\r\nThe information provided on this website is to assist
        customers in tracking the progress of a development application. It represents
        key milestones in the development application process but is not a detailed
        history. Persons wishing to confirm information in detail should contact LCC
        order to obtain a written response.\r\n</p>\r\n</div>\r\n\r\n<p class=\"section\">\r\n</br>\r\n<b>I
        have read and understood the provisions set out above.</b>\r\n</p>\r\n</br>\r\n\r\n\r\n\r\n\r\n<form
        action=\"/Home/DisclaimerProcessing\" method=\"post\"><input id=\"agreed\"
        name=\"agreed\" type=\"hidden\" value=\"False\" />    <div id=\"btns\">\r\n
        \       <button id=\"agree\" type=\"button\" class=\"btn btn-primary\">Agree</button>\r\n
        \       <button id=\"disagree\" type=\"button\" class=\"btn btn-warning\">Disagree</button>\r\n
        \   </div>\r\n</form>\r\n<script type=\"text/javascript\">\r\n\r\n    var
        initialHeightOfScrollBox;\r\n    var lastScrollTop;\r\n    var headerHeight;\r\n\r\n
        \   $(document).ready(function () {\r\n\r\n        updateLeftMargin();\r\n
        \       attachClickHandlers();\r\n\r\n        if (isTextBlockOverflowing())
        {\r\n            var actualContentHeight = $('#page-wrapper').height();\r\n
        \           lastScrollTop = 0;\r\n            initialHeightOfScrollBox = $('#scrollableContent').height();\r\n
        \           headerHeight = $(window).height() - $('#scrollableContent').offset().top;\r\n\r\n
        \           var newHeight = headerHeight + $(window).scrollTop() - $('#btns').height()
        - 100;\r\n            $('#scrollableContent').height(newHeight);\r\n\r\n            $(window).scroll(function
        () {\r\n                var newHeight = headerHeight + $(window).scrollTop()
        - $('#btns').height() - 100;\r\n\r\n                adjustDisclaimerContent(newHeight);\r\n
        \           });\r\n\r\n\r\n            function isScrollDown() {\r\n                var
        st = $(window).scrollTop();\r\n                var result = st >= lastScrollTop;\t\t
        \ // downscroll\r\n\r\n                lastScrollTop = st;\r\n                return
        result;\r\n            }\r\n\r\n\r\n            function adjustDisclaimerContent(newHeight)
        {\r\n                var bIsDownScroll = isScrollDown();\r\n\r\n                var
        scrollableContentHeight = $('#scrollableContent').height();\r\n\r\n                if
        (bIsDownScroll && actualContentHeight > scrollableContentHeight) {\r\n                    $('#scrollableContent').height(newHeight);\r\n
        \               }\r\n                else if (!bIsDownScroll && actualContentHeight
        > newHeight) {\r\n                    $('#scrollableContent').height(newHeight);\r\n
        \               }\r\n            }\r\n        }\r\n\r\n    });\r\n\r\n\r\n
        \   function updateLeftMargin() {\r\n        if ($('#side-menu').html()) {\r\n
        \           $('#page-wrapper').css({ 'margin-left': '0' });\r\n            $('.sidebar').hide();\r\n
        \       }\r\n    }\r\n\r\n\r\n    function attachClickHandlers() {\r\n        $('#agree').click(function
        () {\r\n            $('#agreed').val(\"true\");\r\n            $('form').submit();\r\n
        \       });\r\n\r\n        $('#disagree').click(function () {\r\n            $('#agreed').val(\"false\");\r\n
        \           $('form').submit();\r\n        });\r\n    }\r\n\r\n    function
        isTextBlockOverflowing() {\r\n        return $(\"#scrollableContent\").prop('scrollHeight')
        > $(\"#scrollableContent\").height();\r\n    }\r\n</script>\r\n                </div>\r\n
        \               <!-- /.container-fluid -->\r\n            </div>\r\n        </div>\r\n\r\n
        \       <div class=\"pre-footer container_12 cf\">\r\n            <div class=\"grid_4\">\r\n
        \               <h3 class=\"accd-togg\">Contact Us <i class=\"fa fa-caret-down\"></i></h3>\r\n
        \               <div class=\"accd-container\">\r\n                    <p>Lismore
        City Council<br>ABN: 60 080 932 837</p>\r\n                    <p>43 Oliver
        Avenue<br>Goonellabah NSW 2480</p>\r\n                    <p>Post: PO Box
        23A, Lismore NSW 2480</p>\r\n                    <p>Phone: 1300 87 83 87<br>Fax:
        02 66 250 400</p>\r\n                    <p>Email: <a href=\"mailto:council@lismore.nsw.gov.au\"><strong>council@lismore.nsw.gov.au</strong></a></p>\r\n
        \               </div>\r\n            </div>\r\n        </div>\r\n        <div
        id=\"footer\">\r\n            <div class=\"container_12 cf\">\r\n                <div
        class=\"grid_12 cf ow\">\r\n                    <p class=\"cp\">Copyright
        &copy; 2019 Lismore City Council</p>\r\n                    <p>\r\n\r\n                        <a
        href=\"http://www.lismore.nsw.gov.au/page.asp?p=DOC-OCT-64-57-30\" target=\"_parent\">Internet
        Privacy Statement</a>\r\n                        &nbsp;&nbsp; | &nbsp;&nbsp;\r\n
        \                       <a href=\"http://www.lismore.nsw.gov.au/page.asp?p=DOC-OCT-64-57-30\"
        target=\"_parent\">Disclaimer</a>\r\n                        &nbsp;&nbsp;
        | &nbsp;&nbsp;\r\n                        <a href=\"http://www.lismore.nsw.gov.au/cp_themes/default/sitemap.asp\"
        target=\"_parent\">Site Map</a>\r\n                    </p>\r\n                </div>\r\n
        \           </div>\r\n        </div>\r\n    </div>\r\n</body>\r\n</html>\r\n"
    http_version: 
  recorded_at: Mon, 13 May 2019 14:00:00 GMT
- request:
    method: post
    uri: http://tracker.lismore.nsw.gov.au/Home/DisclaimerProcessing
    body:
      encoding: UTF-8
      string: agreed=true
    headers:
      Accept-Encoding:
      - gzip,deflate,identity
      Accept:
      - "*/*"
      User-Agent:
      - Mechanize/2.7.6 Ruby/2.5.1p57 (http://github.com/sparklemotion/mechanize/)
      Accept-Charset:
      - ISO-8859-1,utf-8;q=0.7,*;q=0.7
      Accept-Language:
      - en-us,en;q=0.5
      Cookie:
      - ASP.NET_SessionId=2xfh3aiwf30l3okdvpdvaotw
      Host:
      - tracker.lismore.nsw.gov.au
      Referer:
      - http://tracker.lismore.nsw.gov.au/Home/Disclaimer
      Content-Type:
      - application/x-www-form-urlencoded
      Content-Length:
      - '11'
      Connection:
      - keep-alive
      Keep-Alive:
      - '300'
  response:
    status:
      code: 301
      message: Moved Permanently
    headers:
      Cache-Control:
      - no-cache, no-store
      Pragma:
      - no-cache
      Content-Type:
      - text/html; charset=utf-8
      Expires:
      - "-1"
      Location:
      - "/"
      Server:
      - Microsoft-IIS/8.5
      X-Aspnetmvc-Version:
      - '5.2'
      X-Aspnet-Version:
      - 4.0.30319
      Set-Cookie:
      - User=accessAllowed-MasterView=True; path=/
      X-Powered-By:
      - ASP.NET
      Date:
      - Sat, 22 Jun 2019 03:26:16 GMT
      Content-Length:
      - '118'
    body:
      encoding: UTF-8
      string: "<html><head><title>Object moved</title></head><body>\r\n<h2>Object
        moved to <a href=\"/\">here</a>.</h2>\r\n</body></html>\r\n"
    http_version: 
  recorded_at: Mon, 13 May 2019 14:00:00 GMT
- request:
    method: get
    uri: http://tracker.lismore.nsw.gov.au/
    body:
      encoding: US-ASCII
      string: ''
    headers:
      Accept-Encoding:
      - gzip,deflate,identity
      Accept:
      - "*/*"
      User-Agent:
      - Mechanize/2.7.6 Ruby/2.5.1p57 (http://github.com/sparklemotion/mechanize/)
      Accept-Charset:
      - ISO-8859-1,utf-8;q=0.7,*;q=0.7
      Accept-Language:
      - en-us,en;q=0.5
      Cookie:
      - ASP.NET_SessionId=2xfh3aiwf30l3okdvpdvaotw; User=accessAllowed-MasterView=True
      Host:
      - tracker.lismore.nsw.gov.au
      Referer:
      - http://tracker.lismore.nsw.gov.au/Home/Disclaimer
      Connection:
      - keep-alive
      Keep-Alive:
      - '300'
  response:
    status:
      code: 200
      message: OK
    headers:
      Cache-Control:
      - no-cache, no-store
      Pragma:
      - no-cache
      Content-Type:
      - text/html; charset=utf-8
      Expires:
      - "-1"
      Server:
      - Microsoft-IIS/8.5
      X-Aspnetmvc-Version:
      - '5.2'
      X-Aspnet-Version:
      - 4.0.30319
      X-Powered-By:
      - ASP.NET
      Date:
      - Sat, 22 Jun 2019 03:26:16 GMT
      Content-Length:
      - '31249'
    body:
      encoding: UTF-8
      string: "<!DOCTYPE html>\r\n<html lang=\"en\">\r\n<head>\r\n    <meta charset=\"utf-8\">\r\n
        \   <meta http-equiv=\"X-UA-Compatible\" content=\"IE=edge\">\r\n    <meta
        name=\"viewport\" content=\"width=device-width, initial-scale=1\">\r\n    <meta
        name=\"author\" content=\"\">\r\n    <meta name=\"keywords\" content=\"Lismore
        City Council,DA Tracker,Application Tracker,Development Application,Development
        Application Tracking, DA Enquiry, Development Application Enquiry, Application
        Tracker\">\r\n    <meta name=\"description\" content=\"The official Lismore
        City Council Application Tracker\">\r\n\r\n    <title>Lismore City Council
        - Application Tracker</title>\r\n\r\n    <!--favicon-->\r\n    <link href=\"/favicon.ico\"
        rel=\"shortcut icon\" type=\"image/x-icon\">\r\n\r\n    <!-- jQuery -->\r\n
        \   <script src=\"/Scripts/jquery-1.11.1.js\"></script>\r\n\r\n    <script
        src=\"/Scripts/jquery-ui-1.11.2.js\"></script>\r\n\r\n    <link href=\"/Content/themes/base/core.css\"
        rel=\"stylesheet\"/>\r\n<link href=\"/Content/themes/base/accordion.css\"
        rel=\"stylesheet\"/>\r\n<link href=\"/Content/themes/base/theme.css\" rel=\"stylesheet\"/>\r\n\r\n\r\n
        \   <!-- Bootstrap -->\r\n    <script src=\"/Scripts/bootstrap.js\"></script>\r\n\r\n
        \   <link href=\"/Content/bootstrap-theme.css\" rel=\"stylesheet\"/>\r\n<link
        href=\"/Content/bootstrap.css\" rel=\"stylesheet\"/>\r\n\r\n    <link href=\"/Content/font-awesome.css\"
        rel=\"stylesheet\"/>\r\n\r\n\r\n    <!-- DataTables -->\r\n    <script src=\"/Scripts/DataTables/jquery.dataTables.js\"></script>\r\n<script
        src=\"/Scripts/DataTables/dataTables.bootstrap.js\"></script>\r\n<script src=\"/Scripts/DataTables/dataTables.responsive.js\"></script>\r\n\r\n
        \   \r\n    <link href=\"/Content/DataTables/css/dataTables.bootstrap.css\"
        rel=\"stylesheet\"/>\r\n<link href=\"/Content/DataTables/css/dataTables.responsive.css\"
        rel=\"stylesheet\"/>\r\n<link href=\"/Content/DataTables/css/dataTables.responsive.scss\"
        rel=\"stylesheet\"/>\r\n\r\n\r\n    <!-- Bootstrap SB-Admin-2 Plugin and other
        css and js files-->\r\n    <script src=\"/js/bootstrap-combobox.js\"></script>\r\n<script
        src=\"/js/bootstrap-datepicker.js\"></script>\r\n<script src=\"/js/jquery.form.js\"></script>\r\n<script
        src=\"/js/jquery.tablesorter.js\"></script>\r\n<script src=\"/js/masterview.js\"></script>\r\n<script
        src=\"/js/metisMenu.js\"></script>\r\n<script src=\"/js/sb-admin-2.js\"></script>\r\n\r\n
        \   <link href=\"/css/bootstrap-combobox.css\" rel=\"stylesheet\"/>\r\n<link
        href=\"/css/datepicker3.css\" rel=\"stylesheet\"/>\r\n<link href=\"/css/masterview-customisations.css\"
        rel=\"stylesheet\"/>\r\n<link href=\"/css/sb-admin-2.css\" rel=\"stylesheet\"/>\r\n\r\n\r\n
        \   <link href=\"/Council_Theme/Lismore/lismore.css\" rel=\"stylesheet\"/>\r\n\r\n
        \   \r\n\r\n    <!-- HTML5 Shim and Respond.js IE8 support of HTML5 elements
        and media queries -->\r\n    <!-- WARNING: Respond.js doesn't work if you
        view the page via file:// -->\r\n    <!--[if lt IE 9]>\r\n        <script
        src=\"https://oss.maxcdn.com/libs/html5shiv/3.7.0/html5shiv.js\"></script>\r\n
        \       <script src=\"https://oss.maxcdn.com/libs/respond.js/1.4.2/respond.min.js\"></script>\r\n
        \   <![endif]-->\r\n\r\n    <link href='http://fonts.googleapis.com/css?family=Raleway:300,400,600,700'
        rel='stylesheet' type='text/css'>\r\n    <link href='http://fonts.googleapis.com/css?family=Oswald:300,400,700'
        rel='stylesheet' type='text/css'>\r\n</head>\r\n\r\n\r\n<body class=\"cbp-spmenu-push\">\r\n
        \   <div class=\"wr\">\r\n        <div id=\"header\">\r\n    <div class=\"container_12\">\r\n\r\n
        \       <h1 id=\"logo\"><a href=\"http://www.lismore.nsw.gov.au/default.asp\"><img
        src=\"//candidate-office.s3.amazonaws.com/shared/lismore/images/logo.png\"
        alt=\"Lismore City Council\" style=\"padding-top:5px\"><strong class=\"vh\">Lismore
        City Council</strong></a></h1>\r\n\r\n        <div class=\"utility right\">\r\n
        \           <a class=\"home-link\" href=\"http://www.lismore.nsw.gov.au/default.asp\">\r\n
        \               <img src=\"//candidate-office.s3.amazonaws.com/shared/lismore/images/home.png\"
        alt=\"Lismore City Council\">\r\n            </a>\r\n        </div>\r\n\r\n
        \       <div class=\"clear\">\r\n        </div>\r\n\r\n    </div>\r\n</div>\r\n
        \       <div id=\"banner\">\r\n            <div class=\"banner-text cf\">\r\n
        \               <div class=\"banner-text-container\">\r\n                    <h1
        class=\"ow\">DA Tracking <span>Portal</span></h1>\r\n                    <p
        class=\"nm\">Information on development applications in the Lismore Local
        Government Area. </p>\r\n                </div>\r\n            </div>\r\n
        \       </div>\r\n        <div class=\"container_12 intro cf\">            <!--
        Navigation -->\r\n            <nav class=\"navbar navbar-default navbar-static-top\"
        role=\"navigation\" style=\"margin-bottom: 0\">\r\n                <div class=\"navbar-header\">\r\n
        \                   <button type=\"button\" class=\"navbar-toggle\" data-toggle=\"collapse\"
        data-target=\".navbar-collapse\">\r\n                        <span class=\"sr-only\">Toggle
        navigation</span>\r\n                        <span class=\"icon-bar\"></span>\r\n
        \                       <span class=\"icon-bar\"></span>\r\n                        <span
        class=\"icon-bar\"></span>\r\n                    </button>\r\n                    <a
        class=\"navbar-brand\" href=\"#\"></a>\r\n                </div>\r\n                <!--
        /.navbar-header -->\r\n                <ul class=\"nav navbar-top-links navbar-right
        hidden-xs hidden-sm hidden-md\">\r\n                    <li>\r\n                        <a
        href=\"#\"><span id=\"printIcon\" class=\"glyphicon glyphicon-print\" onclick=\"window.print();\"></span></a>\r\n
        \                   </li>\r\n                </ul>\r\n\r\n                <div
        class=\"navbar-default sidebar\" role=\"navigation\">\r\n                    <div
        class=\"sidebar-nav navbar-collapse\">\r\n                        <ul class=\"nav\"
        id=\"side-menu\">\r\n                                    <li class=\"active\">\r\n
        \                                       <a href=\"#\"><i class=\"fa fa-list-ul
        fa-fw\"></i>Application Tracker<span class=\"fa arrow\"></span></a>\r\n                                        <ul
        class=\"nav nav-second-level collapse\">\r\n                                                <li>\r\n
        \                                                   <a href=/Home/About target=_self>What
        is Application Tracker?</a>\r\n                                                </li>\r\n
        \                                               <li>\r\n                                                    <a
        href=/Home/Disclaimer target=_self>Disclaimer</a>\r\n                                                </li>\r\n
        \                                       </ul>\r\n                                        <!--
        /.nav-second-level -->\r\n                                    </li>\r\n                                    <li
        class=\"active\">\r\n                                        <a href=\"#\"><i
        class=\"fa fa-list-ul fa-fw\"></i>Applications<span class=\"fa arrow\"></span></a>\r\n
        \                                       <ul class=\"nav nav-second-level collapse\">\r\n
        \                                               <li>\r\n                                                    <a
        href=/Home/Index target=>Application Tracker Home</a>\r\n                                                </li>\r\n
        \                                               <li>\r\n                                                    <a
        href=/Home/Search id=search target=_self>Search</a>\r\n                                                </li>\r\n
        \                                               <li>\r\n                                                    <a
        href=/Application/AdvancedSearchResult?RemoveUndeterminedApplications=False&ShowOutstandingApplications=True&ShowExhibitedApplications=False&IncludeDocuments=False
        id=outstanding-apps target=_self>Undetermined Applications</a>\r\n                                                </li>\r\n
        \                                               <li>\r\n                                                    <a
        href=/Application/AdvancedSearchResult?RemoveUndeterminedApplications=False&ShowOutstandingApplications=False&ShowExhibitedApplications=True&IncludeDocuments=False
        id=exhibited-apps target=_self>Applications On Exhibition</a>\r\n                                                </li>\r\n
        \                                       </ul>\r\n                                        <!--
        /.nav-second-level -->\r\n                                    </li>\r\n                                    <li
        class=\"active\">\r\n                                        <a href=\"#\"><i
        class=\"fa fa-list-ul fa-fw\"></i>Applications Submitted<span class=\"fa arrow\"></span></a>\r\n
        \                                       <ul class=\"nav nav-second-level collapse\">\r\n
        \                                               <li>\r\n                                                    <a
        href=/Application/AdvancedSearchResult?DateFrom=17%2f06%2f2019&DateTo=22%2f06%2f2019&DateType=1&RemoveUndeterminedApplications=False&ApplicationType=5%2c8%2c10%2c13&ShowOutstandingApplications=False&ShowExhibitedApplications=False&IncludeDocuments=False
        target=_self>This Week</a>\r\n                                                </li>\r\n
        \                                               <li>\r\n                                                    <a
        href=/Application/AdvancedSearchResult?DateFrom=9%2f06%2f2019&DateTo=15%2f06%2f2019&DateType=1&RemoveUndeterminedApplications=False&ApplicationType=5%2c8%2c10%2c13&ShowOutstandingApplications=False&ShowExhibitedApplications=False&IncludeDocuments=False
        target=_self>Last Week</a>\r\n                                                </li>\r\n
        \                                               <li>\r\n                                                    <a
        href=/Application/AdvancedSearchResult?DateFrom=1%2f06%2f2019&DateTo=22%2f06%2f2019&DateType=1&RemoveUndeterminedApplications=False&ApplicationType=5%2c8%2c10%2c13&ShowOutstandingApplications=False&ShowExhibitedApplications=False&IncludeDocuments=False
        target=_self>This Month</a>\r\n                                                </li>\r\n
        \                                               <li>\r\n                                                    <a
        href=/Application/AdvancedSearchResult?DateFrom=1%2f05%2f2019&DateTo=31%2f05%2f2019&DateType=1&RemoveUndeterminedApplications=False&ApplicationType=5%2c8%2c10%2c13&ShowOutstandingApplications=False&ShowExhibitedApplications=False&IncludeDocuments=False
        target=_self>Last Month</a>\r\n                                                </li>\r\n
        \                                       </ul>\r\n                                        <!--
        /.nav-second-level -->\r\n                                    </li>\r\n                                    <li
        class=\"active\">\r\n                                        <a href=\"#\"><i
        class=\"fa fa-list-ul fa-fw\"></i>Applications Determined<span class=\"fa
        arrow\"></span></a>\r\n                                        <ul class=\"nav
        nav-second-level collapse\">\r\n                                                <li>\r\n
        \                                                   <a href=/Application/AdvancedSearchResult?DateFrom=17%2f06%2f2019&DateTo=22%2f06%2f2019&DateType=2&RemoveUndeterminedApplications=True&ApplicationType=5%2c8%2c10%2c13&ShowOutstandingApplications=False&ShowExhibitedApplications=False&IncludeDocuments=False
        target=_self>This Week</a>\r\n                                                </li>\r\n
        \                                               <li>\r\n                                                    <a
        href=/Application/AdvancedSearchResult?DateFrom=9%2f06%2f2019&DateTo=15%2f06%2f2019&DateType=2&RemoveUndeterminedApplications=True&ApplicationType=5%2c8%2c10%2c13&ShowOutstandingApplications=False&ShowExhibitedApplications=False&IncludeDocuments=False
        target=_self>Last Week</a>\r\n                                                </li>\r\n
        \                                               <li>\r\n                                                    <a
        href=/Application/AdvancedSearchResult?DateFrom=1%2f06%2f2019&DateTo=22%2f06%2f2019&DateType=2&RemoveUndeterminedApplications=True&ApplicationType=5%2c8%2c10%2c13&ShowOutstandingApplications=False&ShowExhibitedApplications=False&IncludeDocuments=False
        target=_self>This Month</a>\r\n                                                </li>\r\n
        \                                               <li>\r\n                                                    <a
        href=/Application/AdvancedSearchResult?DateFrom=1%2f05%2f2019&DateTo=31%2f05%2f2019&DateType=2&RemoveUndeterminedApplications=True&ApplicationType=5%2c8%2c10%2c13&ShowOutstandingApplications=False&ShowExhibitedApplications=False&IncludeDocuments=False
        target=_self>Last Month</a>\r\n                                                </li>\r\n
        \                                       </ul>\r\n                                        <!--
        /.nav-second-level -->\r\n                                    </li>\r\n\r\n
        \                       </ul>\r\n                    </div>\r\n                    <!--
        /.sidebar-collapse -->\r\n                </div>\r\n                <!-- /.navbar-static-side
        -->\r\n            </nav>\r\n            <div id=\"page-wrapper\">\r\n                <div
        class=\"container-fluid\">\r\n                    \r\n\r\n\r\n\r\n\r\n\r\n<div
        class=\"page-header\">\r\n    <h2>Home</h2>\r\n</div>\r\n<div>\r\n    <p>Council's
        Development Application Tracker allows you to view details of applications
        lodged at Council since 1 January 2011 until today.</p>\r\n    <p>The \"Home\"
        page shows you the development applications submitted in the last two weeks.
        Click on one of the red icons on the map below to view more details about
        that application.</p>\r\n    <p>The options on the left hand side of this
        page allow you to search for applications submitted or determined over a specific
        week or month, undetermined applications and applications currently on exhibition.
        Alternatively, you can use the \"Search\" option if you have the application
        number or particulars about the property.\r\n    </p>\r\n</div>\r\n\r\n\r\n\r\n\r\n<div
        id=\"gmapsLabel\">\r\n    <h4>Applications submitted between 8 June 2019 and
        22 June 2019</h4>\r\n</div>\r\n\r\n\r\n\r\n\r\n\r\n<div id=\"map_container\"
        class=\"homepage\">\r\n    <div id=\"map_canvas\" class=\"iframe-rwd\"></div>\r\n</div>\r\n\r\n\r\n<div
        id=\"map_canvas_print_container\">\r\n    <div id=\"map_canvas_print\"></div>\r\n</div>\r\n\r\n\r\n<script
        type=\"text/javascript\">\r\n\r\n    var map, mapPrint;\r\n    var geocoder;\r\n
        \   var bounds;\r\n    var next = 0;\r\n    var propertyAddressesGM;\r\n    var
        boundsEnabled = false;\r\n    var arrMarkerAndInfoWindowHolder = [];\r\n\r\n
        \   //CLIENT SPECIFIC VALUES\r\n    //prevents markers showing from outside
        this region when boundsEnabled=true\r\n    var latMaxLimit = -27;\r\n    var
        lngMaxLimit = 153;\r\n\r\n    // using the web.config to get zoomlevel,base
        address and scrollenabled values\r\n    var defaultZoomLevelGM = 10;\r\n    var
        scrollenabled = false;\r\n    var scrollconfig = \"\";\r\n    var baseaddress
        = \"\";\r\n    var basecountrycode = \"\";\r\n    var infowindow;\r\n\r\n
        \   function initializeGoogleMaps() {\r\n\r\n        google.maps.event.addDomListener(window,
        'resize', function() {\r\n            var center = map.getCenter();\r\n            google.maps.event.trigger(map,
        'resize');\r\n            map.setCenter(center);\r\n            mapPrint.setCenter(center);\r\n
        \       });\r\n\r\n        geocoder = new google.maps.Geocoder();\r\n        bounds
        = new google.maps.LatLngBounds();\r\n\r\n        scrollconfig = \"yes\";\r\n
        \       if(scrollconfig == \"yes\") {\r\n            scrollenabled = true;\r\n
        \       }\r\n\r\n        var mapOptions = {\r\n            zoom: defaultZoomLevelGM,\r\n
        \           mapTypeId: google.maps.MapTypeId.ROADMAP,\r\n            scrollwheel:
        true\r\n        };\r\n\r\n        map = new google.maps.Map(document.getElementById(\"map_canvas\"),
        mapOptions);\r\n\r\n        //Only load the maps for tablets and bigger screens\r\n
        \       if(screen.width > 768)\r\n        {\r\n            mapPrint = new
        google.maps.Map(document.getElementById(\"map_canvas_print\"), mapOptions);\r\n
        \           setEventListenersToBindPrintMapToDisplayMap();\r\n        }\r\n
        \       else {\r\n            $('#map_canvas_print_container').remove();\r\n
        \       }\r\n\r\n        setMapCentre();\r\n\r\n        populateMarkerAndInfoWindowHolderArray();\r\n\r\n
        \       createAndPlotMarkers() ;\r\n    }\r\n\r\n    function setMapCentre()
        {\r\n        // Get the centre Point address and Set Centre Point\r\n        baseaddress
        = \"43 Oliver Avenue, Goonellabah NSW 2480\";\r\n        basecountrycode =
        \"AU\";\r\n\r\n        geocoder.geocode({'address' : baseaddress, 'componentRestrictions'
        : {'country':basecountrycode}},\r\n            function(results, status) {\r\n
        \               if(status == google.maps.GeocoderStatus.OK) {\r\n                    var
        result = results[0].geometry.location;\r\n                    map.setCenter(result);\r\n
        \               }\r\n            });\r\n    }\r\n\r\n    /* Sets event handlers
        so that the changes on the display map reflect on the hidden print map */\r\n
        \   function setEventListenersToBindPrintMapToDisplayMap() {\r\n        google.maps.event.addListener(map,
        'zoom_changed', function() {\r\n            var zoomLevel = map.getZoom();\r\n
        \           var center = map.getCenter();\r\n\r\n            //Set zoom and
        center of the hidden printable map\r\n            mapPrint.setZoom(zoomLevel);\r\n
        \           mapPrint.setCenter(center);\r\n        });\r\n\r\n        google.maps.event.addListener(map,
        'center_changed', function() {\r\n            var center = map.getCenter();\r\n\r\n
        \           //Set center of the hidden printable map\r\n            mapPrint.setCenter(center);\r\n
        \       });\r\n    }\r\n\r\n    /* Parses XML geocodes and populates the data
        into MarkerAndInfoWindowHolder object instances to later plot on the map */\r\n
        \   function populateMarkerAndInfoWindowHolderArray() {\r\n        var properties
        = null;\r\n        latlngbounds = new google.maps.LatLngBounds();\r\n\r\n
        \       var item = [[\"-28.7982633,153.35946709999996\",\"373 Richmond Hill
        Rd, Richmond Hill 2480 NSW \",\"Section 4.55(1A)  modification\",\"005.2018.00000320.002\",\"5.2018.320.2\"],[\"-28.8189597,153.28799589999994\",\"53
        Avondale Av, East Lismore 2480 NSW \",\"DA19/211 - 53 Avondale Avenue - Dwelling
        alterations and additions\",\"005.2019.00000211.001\",\"5.2019.211.1\"],[\"-28.5785794,153.24841820000006\",\"46
        Tulsi La, Nimbin 2480 NSW \",\"S4.55 Modification to internal layout, windows,
        deck and tanks\",\"010.2018.00000338.001\",\"10.2018.338.1\"],[\"-28.7909761,153.35776050000004\",\"278
        Richmond Hill Rd, Boat Harbour 2480 NSW \",\"Dwelling\",\"005.2018.00000071.002\",\"5.2018.71.2\"],[\"-28.816667,153.31666700000005\",\"6
        Ferguson Cl, Goonellabah 2480 NSW \",\"Dwelling\",\"005.2019.00000215.001\",\"5.2019.215.1\"],[\"-28.8274632,153.29191000000003\",\"9
        Wade St, East Lismore 2480 NSW \",\"Dwelling\",\"010.2019.00000214.001\",\"10.2019.214.1\"],[\"-28.8274632,153.29191000000003\",\"9
        Wade St, East Lismore 2480 NSW \",\"Dwelling\",\"005.2019.00000214.001\",\"5.2019.214.1\"],[\"-29.0671353,153.347896\",\"120
        Bank St, North Woodburn 2471 NSW \",\"Dwelling\",\"005.2012.00000050.003\",\"5.2012.50.3\"],[\"-28.5456001,153.1919405\",\"704
        Blue Knob Rd, Blue Knob 2480 NSW \",\"Dwelling\",\"005.2018.00000465.002\",\"5.2018.465.2\"],[\"-28.8377151,153.38446550000003\",\"38
        Boundary Rd, Lindendale 2480 NSW \",\"DA19/210 - 38 and 42 Boundary Road -
        Boundary subdivision\",\"005.2019.00000210.001\",\"5.2019.210.1\"],[\"-28.826566,153.21992369999998\",\"554
        Caniaba Rd, Caniaba 2480 NSW \",\"DA19/178 - 554 Caniaba Road - Dwelling (CC
        No. 190245/01)\",\"010.2019.00000178.001\",\"10.2019.178.1\"],[\"-28.826566,153.21992369999998\",\"556
        Caniaba Rd, Caniaba 2480 NSW \",\"DA19/190 - 556 Caniaba Road - Dwelling (CC
        No.190201/01)\",\"010.2019.00000190.001\",\"10.2019.190.1\"],[\"-28.8247393,153.2131342\",\"30
        Lomandra Av, Caniaba 2480 NSW \",\"Dwelling\",\"005.2019.00000213.001\",\"5.2019.213.1\"],[\"-28.8243667,153.33300110000005\",\"29
        Just St, Goonellabah 2480 NSW \",\"DA19/84 - 29 Just Street - Dwelling, retaining
        walls with BLV\",\"010.2019.00000084.001\",\"10.2019.84.1\"],[\"-28.5966936,153.2284753\",\"49
        Alternative Wy, Nimbin 2480 NSW \",\"DA12/153 - 49 Alternative Way - Subdivision\",\"013.2012.00000153.001\",\"13.2012.153.1\"],[\"-28.6858473,153.30933690000006\",\"53
        Cedar Dr, Dunoon 2480 NSW \",\"Dwelling\",\"005.2019.00000212.001\",\"5.2019.212.1\"],[\"-28.8077523,153.3500408\",\"27
        Pineapple Rd, Goonellabah 2480 NSW \",\"School\",\"005.2018.00000157.002\",\"5.2018.157.2\"],[\"-28.8189237,153.28372790000003\",\"79
        Esmonde St, Girards Hill 2480 NSW \",\"Subdivision\",\"005.2014.00000327.002\",\"5.2014.327.2\"],[\"-28.8043256,153.28002979999997\",\"12
        Molesworth St, Lismore 2480 NSW \",\"DA19/203 - 12, 14, 16A and 18 Molesworth
        Street - Subdivision\",\"013.2019.00000203.001\",\"13.2019.203.1\"],[\"-28.8165162,153.31751069999996\",\"7
        Rous Rd, Goonellabah 2480 NSW \",\"DA19/209 - 7 Rous Road - Subdivision to
        create one additional lot\",\"005.2019.00000209.001\",\"5.2019.209.1\"],[\"-28.8254243,153.3204425\",\"65
        Rous Rd, Goonellabah 2480 NSW \",\"DA19/207 - 65 Rous Road - Senior Housing\",\"005.2019.00000207.001\",\"5.2019.207.1\"],[\"-28.5960373,153.25965159999998\",\"387
        Tuntable Falls Rd, Nimbin 2480 NSW \",\"DA19/208 - 387 Tuntable Falls Road
        - Detached dual occupancy\",\"005.2019.00000208.001\",\"5.2019.208.1\"],[\"-28.82593829999999,153.26653950000002\",\"42
        Bruxner Hwy, South Lismore 2480 NSW \",\"DA19/194 - 42 Bruxner Highway - Light
        Industry, warehouse and distribu\",\"005.2019.00000194.001\",\"5.2019.194.1\"],[\"-28.8358356,153.2897689\",\"257
        Wyrallah Rd, Monaltrie 2480 NSW \",\"DA19/87 - 257 Wyrallah Road, Monaltrie
        - Shed\",\"010.2019.00000087.001\",\"10.2019.87.1\"],[\"-28.7852878,153.21970110000007\",\"155
        Rosehill Rd, Tuncester 2480 NSW \",\"DA19/198 - 155 Rosehill Road - Outdoor
        Recreation Facility\",\"005.2019.00000198.001\",\"5.2019.198.1\"],[\"-29.0181215,153.31273199999998\",\"247
        Mcbrien Rd, East Coraki 2471 NSW \",\"DA19/206 - 247 McBrien Road - Shed and
        associated earthworks\",\"010.2019.00000206.001\",\"10.2019.206.1\"],[\"-29.0181215,153.31273199999998\",\"247
        Mcbrien Rd, East Coraki 2471 NSW \",\"DA19/206 - 247 McBrien Road - Shed and
        associated earthworks\",\"005.2019.00000206.001\",\"5.2019.206.1\"],[\"-28.7904062,153.3395713\",\"12
        Kaanapahali Av, Richmond Hill 2480 NSW \",\"DA11/421 - 135 Richmond Hill Road
        - Subdivision\",\"013.2011.00000421.001\",\"13.2011.421.1\"],[\"-28.5966936,153.2284753\",\"49
        Alternative Wy, Nimbin 2480 NSW \",\"Section 4.55(2) modification re trees,
        lots, staging and RFS\",\"005.2012.00000153.005\",\"5.2012.153.5\"],[\"-28.8089956,153.28831820000005\",\"64
        Diadem St, Lismore 2480 NSW \",\"DA19/205 - 64 Diadem Street - Change of use
        of a dwelling to a medical\",\"005.2019.00000205.001\",\"5.2019.205.1\"],[\"-28.81803,153.34509690000004\",\"24
        Earls Ct, Goonellabah 2480 NSW \",\"DA19/130 - 24 Earls Court - Dwelling etaining
        walls(CC No.190179/01)\",\"010.2019.00000130.001\",\"10.2019.130.1\"],[\"-28.8223889,153.3426356\",\"202
        Oliver Av, Goonellabah 2480 NSW \",\"DA19/69 - 202 \\u0026 216 Oliver Ave
        - Seating for hockey (CC2019/179.1)\",\"010.2019.00000069.001\",\"10.2019.69.1\"],[\"-28.7864369,153.34197040000004\",\"3
        Mandala Cr, Richmond Hill 2480 NSW \",\"DA19/204 - 3 Mandala Crescent - Shed\",\"005.2019.00000204.001\",\"5.2019.204.1\"],[\"-28.7864369,153.34197040000004\",\"3
        Mandala Cr, Richmond Hill 2480 NSW \",\"DA19/204 - 3 Mandala Crescent - Shed\",\"010.2019.00000204.001\",\"10.2019.204.1\"],[\"-28.7982633,153.35946709999996\",\"373
        Richmond Hill Rd, Richmond Hill 2480 NSW \",\"DA18/320 - 373 Richmond Hill
        Road - Dwelling and plunge pool\",\"010.2018.00000320.001\",\"10.2018.320.1\"],[\"-28.8303256,153.26434319999998\",\"43
        Krauss Av, Loftville 2480 NSW \",\"DA19/202 - 43 Krauss Avenue - Staged filling
        of subject land\",\"005.2019.00000202.001\",\"5.2019.202.1\"],[\"-28.8330894,153.31495689999997\",\"224
        Invercauld Rd, Goonellabah 2480 NSW \",\"DA15/165-04 - 224 Invercauld Road
        - Modification ot consent\",\"005.2015.00000165.004\",\"5.2015.165.4\"],[\"-28.620076,153.30782020000004\",\"645
        Whian Whian Rd, Whian Whian 2480 NSW \",\"DA19/201 - 645 Whian Whian Road
        - Convert a shed to a dwelling\",\"005.2019.00000201.001\",\"5.2019.201.1\"],[\"-28.5803095,153.28425400000003\",\"2/117
        Upper Tuntable Falls Rd, Nimbin 2480 NSW \",\"DA19/200 - L2/117 UpperTuntable
        Falls Road - Inground swimming pool\",\"005.2019.00000200.001\",\"5.2019.200.1\"],[\"-28.5803095,153.28425400000003\",\"2/117
        Upper Tuntable Falls Rd, Nimbin 2480 NSW \",\"DA19/200 - L2/117 UpperTuntable
        Falls Road - Inground swimming pool\",\"010.2019.00000200.001\",\"10.2019.200.1\"],[\"-29.0337217,153.33457640000006\",\"2739
        Wyrallah Rd, Buckendoon 2472 NSW \",\"DA19/57 - 2739 Wyrallah Road - Construction
        of a dam and fill\",\"010.2019.00000057.001\",\"10.2019.57.1\"],[\"-28.826566,153.21992369999998\",\"552
        Caniaba Rd, Caniaba 2480 NSW \",\"DA19/199 - 552 Caniaba Road - Dwelling\",\"005.2019.00000199.001\",\"5.2019.199.1\"],[\"-28.5953181,153.194169\",\"50
        Cullen Rd, Nimbin 2480 NSW \",\"DA19/197 - 50 Cullen Road - Shed with BLV\",\"005.2019.00000197.001\",\"5.2019.197.1\"],[\"-28.5953181,153.194169\",\"50
        Cullen Rd, Nimbin 2480 NSW \",\"DA19/197 - 50 Cullen Road - Shed with BLV\",\"010.2019.00000197.001\",\"10.2019.197.1\"],[\"-28.8043256,153.28002979999997\",\"12
        Molesworth St, Lismore 2480 NSW \",\"Subdivision Cert NO DA\",\"005.2019.00000203.001\",\"5.2019.203.1\"],[\"-28.8059084,153.34204020000004\",\"76
        James Rd, Goonellabah 2480 NSW \",\"DA19/196 - 76 James Road - Relocation
        of existing dwelling\",\"005.2019.00000196.001\",\"5.2019.196.1\"],[\"-28.82329409999999,153.34275449999996\",\"5
        O\\u0027mahoney Dr, Goonellabah 2480 NSW \",\"DA19/195 - 5 O\\u0027Mahoney
        Drive - Inground swimming pool\",\"005.2019.00000195.001\",\"5.2019.195.1\"],[\"-28.82329409999999,153.34275449999996\",\"5
        O\\u0027mahoney Dr, Goonellabah 2480 NSW \",\"DA19/195 - 5 O\\u0027Mahoney
        Drive - Inground swimming pool\",\"010.2019.00000195.001\",\"10.2019.195.1\"],[\"-28.724026,153.28976369999998\",\"969
        Dunoon Rd, Modanville 2480 NSW \",\"DA19/193 - 969 Dunoon Road - Detached
        dual occupancy\",\"005.2019.00000193.001\",\"5.2019.193.1\"],[\"-28.6585871,153.22678050000002\",\"29
        Swift Rd, Coffee Camp 2480 NSW \",\"DA17/292 - 29 Swift Road, Coffee Camp
        - Dwelling \\u0026 inground pool\",\"010.2017.00000292.002\",\"10.2017.292.2\"]];\r\n\r\n
        \       $(item).each(function()\r\n        {\r\n            var arrProperty
        = $(this);\r\n            createMarkerAndInfoWindowHolderObjects(arrProperty[0],
        arrProperty[1], arrProperty[2], arrProperty[3], arrProperty[4]);\r\n        });\r\n
        \   }\r\n\r\n    /* Checks if a marker has already been created for newLocation
        */\r\n    function isNewLocation(newLocation)\r\n    {\r\n        var bNewLocation
        = true;\r\n\r\n        $(arrMarkerAndInfoWindowHolder).each(function () {\r\n\r\n
        \           if (newLocation.equals(this.location)) {\r\n                bNewLocation
        = false;\r\n                return false;   //This breaks the each loop\r\n
        \           }\r\n        });\r\n\r\n        return bNewLocation;\r\n    }\r\n\r\n
        \   /* Creates MarkerAndInfoWindowHolder objects and adds them to the array
        and modifies them */\r\n    function createMarkerAndInfoWindowHolderObjects(coord,
        address, content, key, appNo) {\r\n        var coordArray = new Array();\r\n
        \       coordArray[0] = parseFloat(coord.split(\",\")[0]); //.map not supported
        in IE 8\r\n        coordArray[1] = parseFloat(coord.split(\",\")[1]);\r\n\r\n
        \       if (!boundsEnabled || (parseInt(coordArray[0]) >= latMaxLimit && parseInt(coordArray[1])
        <= lngMaxLimit)) {\r\n            var newLocation = new google.maps.LatLng(coordArray[0],
        coordArray[1]);\r\n            var link = \"<a href='/Application/ApplicationDetails/\"
        + key + \"/'>\" + appNo + \" - \" + address + \"</a><br/>\" + content\r\n
        \           var bNewLocation = isNewLocation(newLocation);\r\n\r\n            if(bNewLocation)
        {\r\n                arrMarkerAndInfoWindowHolder.push(new MarkerAndInfoWindowHolder(content,
        newLocation, link));\r\n            }\r\n            else {\r\n                $(arrMarkerAndInfoWindowHolder).each(function
        (index, obj) {\r\n\r\n                    if (newLocation.equals(obj.location))
        {\r\n                        obj.infoWindowContent = obj.infoWindowContent
        + \"<br/>\" + link;\r\n\r\n                        return false;   //exit
        each loop\r\n                    }\r\n                });\r\n            }\r\n\r\n
        \           latlngbounds.extend(newLocation);\r\n        }\r\n    }\r\n\r\n
        \   /* Creates and sets the markers on the map */\r\n    function createAndPlotMarkers()
        {\r\n\r\n        $(arrMarkerAndInfoWindowHolder).each(function() {\r\n            var
        markerTitle = this.markerTitle;\r\n            var location = this.location;\r\n
        \           var infoWindowContent = this.infoWindowContent;\r\n\r\n            //Sets
        the marker on the display map\r\n            var marker = new google.maps.Marker({\r\n
        \               map: map,\r\n                position: location,\r\n                title:
        markerTitle\r\n            });\r\n\r\n            //Sets the marker on the
        printable map\r\n            new google.maps.Marker({\r\n                map:
        mapPrint,\r\n                position: location,\r\n                title:
        markerTitle\r\n            });\r\n\r\n            //Attach eventlistener to
        the marker\r\n            google.maps.event.addListener(marker, 'click', function
        () {\r\n                if (infowindow)\r\n                    infowindow.close();\r\n\r\n
        \               infowindow = new google.maps.InfoWindow({\r\n                    content:
        infoWindowContent,\r\n                    maxWidth: 400\r\n                });\r\n\r\n
        \               infowindow.open(map, marker);\r\n            });\r\n        });\r\n\r\n
        \   }\r\n\r\n    /* An object that holds information about the locations which
        have been created \r\n    using data from parsed geocode XML \r\n    markerTitle:
        title of the marker/pin on the map\r\n    location: google maps location object
        to pass to marker constructor\r\n    infoWindowContent: content that appears
        when the marker/pin is clicked\r\n    */\r\n    function MarkerAndInfoWindowHolder(markerTitle,
        location, infoWindowContent) {\r\n        this.markerTitle = markerTitle;\r\n
        \       this.location = location;\r\n        this.infoWindowContent = infoWindowContent;\r\n
        \   }\r\n\r\n    function loadGoogleMapsScript() {\r\n        var script =
        document.createElement(\"script\");\r\n        script.type = \"text/javascript\";\r\n
        \       script.src = \"//maps.googleapis.com/maps/api/js?key=AIzaSyA8yb0LzVXxMvh-3Uc6bo3T-BmlF6Ytvn4&callback=initializeGoogleMaps\";\r\n
        \       document.body.appendChild(script);\r\n    }\r\n\r\n    window.onload
        = loadGoogleMapsScript;\r\n\r\n</script>\r\n\r\n\r\n                </div>\r\n
        \               <!-- /.container-fluid -->\r\n            </div>\r\n        </div>\r\n\r\n
        \       <div class=\"pre-footer container_12 cf\">\r\n            <div class=\"grid_4\">\r\n
        \               <h3 class=\"accd-togg\">Contact Us <i class=\"fa fa-caret-down\"></i></h3>\r\n
        \               <div class=\"accd-container\">\r\n                    <p>Lismore
        City Council<br>ABN: 60 080 932 837</p>\r\n                    <p>43 Oliver
        Avenue<br>Goonellabah NSW 2480</p>\r\n                    <p>Post: PO Box
        23A, Lismore NSW 2480</p>\r\n                    <p>Phone: 1300 87 83 87<br>Fax:
        02 66 250 400</p>\r\n                    <p>Email: <a href=\"mailto:council@lismore.nsw.gov.au\"><strong>council@lismore.nsw.gov.au</strong></a></p>\r\n
        \               </div>\r\n            </div>\r\n        </div>\r\n        <div
        id=\"footer\">\r\n            <div class=\"container_12 cf\">\r\n                <div
        class=\"grid_12 cf ow\">\r\n                    <p class=\"cp\">Copyright
        &copy; 2019 Lismore City Council</p>\r\n                    <p>\r\n\r\n                        <a
        href=\"http://www.lismore.nsw.gov.au/page.asp?p=DOC-OCT-64-57-30\" target=\"_parent\">Internet
        Privacy Statement</a>\r\n                        &nbsp;&nbsp; | &nbsp;&nbsp;\r\n
        \                       <a href=\"http://www.lismore.nsw.gov.au/page.asp?p=DOC-OCT-64-57-30\"
        target=\"_parent\">Disclaimer</a>\r\n                        &nbsp;&nbsp;
        | &nbsp;&nbsp;\r\n                        <a href=\"http://www.lismore.nsw.gov.au/cp_themes/default/sitemap.asp\"
        target=\"_parent\">Site Map</a>\r\n                    </p>\r\n                </div>\r\n
        \           </div>\r\n        </div>\r\n    </div>\r\n</body>\r\n</html>\r\n"
    http_version: 
  recorded_at: Mon, 13 May 2019 14:00:00 GMT
- request:
    method: post
    uri: http://tracker.lismore.nsw.gov.au/Application/GetApplications
    body:
      encoding: UTF-8
      string: start=0&length=1000&json=%7B%22DateFrom%22%3A%2214%2F04%2F2019%22%2C%22DateTo%22%3A%2214%2F05%2F2019%22%2C%22DateType%22%3A%221%22%2C%22RemoveUndeterminedApplications%22%3Afalse%2C%22ShowOutstandingApplications%22%3Afalse%2C%22ShowExhibitedApplications%22%3Afalse%2C%22IncludeDocuments%22%3Afalse%7D
    headers:
      Accept-Encoding:
      - gzip,deflate,identity
      Accept:
      - "*/*"
      User-Agent:
      - Mechanize/2.7.6 Ruby/2.5.1p57 (http://github.com/sparklemotion/mechanize/)
      Accept-Charset:
      - ISO-8859-1,utf-8;q=0.7,*;q=0.7
      Accept-Language:
      - en-us,en;q=0.5
      Cookie:
      - ASP.NET_SessionId=2xfh3aiwf30l3okdvpdvaotw; User=accessAllowed-MasterView=True
      Host:
      - tracker.lismore.nsw.gov.au
      Referer:
      - http://tracker.lismore.nsw.gov.au/
      Content-Type:
      - application/x-www-form-urlencoded
      Content-Length:
      - '299'
      Connection:
      - keep-alive
      Keep-Alive:
      - '300'
  response:
    status:
      code: 200
      message: OK
    headers:
      Cache-Control:
      - no-cache, no-store
      Pragma:
      - no-cache
      Content-Type:
      - application/json; charset=utf-8
      Expires:
      - "-1"
      Server:
      - Microsoft-IIS/8.5
      X-Aspnetmvc-Version:
      - '5.2'
      X-Aspnet-Version:
      - 4.0.30319
      X-Powered-By:
      - ASP.NET
      Date:
      - Sat, 22 Jun 2019 03:26:34 GMT
      Content-Length:
      - '18842'
    body:
      encoding: UTF-8
      string: '{"draw":null,"recordsTotal":84,"recordsFiltered":84,"data":[["005.2019.00000119.001","5.2019.119.1","Development
        Application","15/04/2019","31 Ewing St, Lismore 2480 NSW \u003cbr/\u003e\u003cb\u003eDA19/119
        - 31 Ewing Street - Alterations and additions\u003c/b\u003e"],["005.2019.00000151.001","5.2019.151.1","Development
        Application","10/05/2019","34 Union St, South Lismore 2480 NSW \u003cbr/\u003e36
        Union St, South Lismore 2480 NSW \u003cbr/\u003e38A Union St, South Lismore
        2480 NSW \u003cbr/\u003e\u003cb\u003eDA19/151 -Storage Premises\u003c/b\u003e"],["005.2019.00000142.001","5.2019.142.1","Development
        Application","01/05/2019","14/126 Molesworth St, Lismore 2480 NSW \u003cbr/\u003e\u003cb\u003eDA19/142
        - 14/126 Molesworth Street - Change of use to a beauty salon\u003c/b\u003e"],["005.2018.00000147.002","5.2018.147.2","S96","03/05/2019","24
        John O\u0027neill Cct, Goonellabah 2480 NSW \u003cbr/\u003e\u003cb\u003eS4.55(1A)
        modification to condition 11 regarding location of fence\u003c/b\u003e"],["005.2018.00000338.002","5.2018.338.2","S96","07/05/2019","46
        Tulsi La, Nimbin 2480 NSW \u003cbr/\u003e\u003cb\u003eS4.55 Modification to
        internal layout, windows, deck and tanks\u003c/b\u003e"],["005.2019.00000130.001","5.2019.130.1","Development
        Application","23/04/2019","24 Earls Ct, Goonellabah 2480 NSW \u003cbr/\u003e\u003cb\u003eDA19/130
        - 24 Earls Court - Dwelling and retaining walls\u003c/b\u003e"],["005.2019.00000153.001","5.2019.153.1","Development
        Application","10/05/2019","23 Emily St, Wyrallah 2480 NSW \u003cbr/\u003e\u003cb\u003eDA19/153-
        23 Emily St Wyrallah - Garage\u003c/b\u003e"],["010.2019.00000129.001","10.2019.129.1","Construction
        Certificate","23/04/2019","127 Terania St, North Lismore 2480 NSW \u003cbr/\u003e\u003cb\u003eDA19/129
        - 127 Terania St - Front fence (1.8m spear top panel fence)\u003c/b\u003e"],["005.2019.00000129.001","5.2019.129.1","Development
        Application","23/04/2019","127 Terania St, North Lismore 2480 NSW \u003cbr/\u003e\u003cb\u003eDA19/129
        - 127 Terania St - Front fence (1.8m spear top panel fence)\u003c/b\u003e"],["010.2019.00000153.001","10.2019.153.1","Construction
        Certificate","10/05/2019","23 Emily St, Wyrallah 2480 NSW \u003cbr/\u003e\u003cb\u003eDA19/153-
        23 Emily St, Wyrallah - Garage\u003c/b\u003e"],["013.2019.00000160.001","13.2019.160.1","Subdivision
        Certificate","14/05/2019","155 Cross Rd, Numulgi 2480 NSW \u003cbr/\u003e798
        Dunoon Rd, Modanville 2480 NSW \u003cbr/\u003e816 Dunoon Rd, Modanville 2480
        NSW \u003cbr/\u003e838 Dunoon Rd, Modanville 2480 NSW \u003cbr/\u003e886 Dunoon
        Rd, Modanville 2480 NSW \u003cbr/\u003e\u003cb\u003eSubdivision Cert NO DA\u003c/b\u003e"],["005.2019.00000147.001","5.2019.147.1","Development
        Application","07/05/2019","284 Cameron Rd, Mcleans Ridges 2480 NSW \u003cbr/\u003e\u003cb\u003eDA19/147
        - 284 Cameron Road - Inground Swimming Pool\u003c/b\u003e"],["010.2019.00000131.001","10.2019.131.1","Construction
        Certificate","24/04/2019","41 Deloraine Rd, Lismore Heights 2480 NSW \u003cbr/\u003e\u003cb\u003eDA19/131
        - 41 Deloraine Road - Extension to retaining wall and blv\u003c/b\u003e"],["005.2019.00000140.001","5.2019.140.1","Development
        Application","01/05/2019","57 Waratah Wy, Goonellabah 2480 NSW \u003cbr/\u003e\u003cb\u003eDA19/140
        - 57 Waratah Way - Dwelling (two storey)\u003c/b\u003e"],["005.2019.00000131.001","5.2019.131.1","Development
        Application","23/04/2019","41 Deloraine Rd, Lismore Heights 2480 NSW \u003cbr/\u003e\u003cb\u003eDA19/131
        - 41 Deloraine Road - Extension to retaining wall and blv\u003c/b\u003e"],["005.2019.00000156.001","5.2019.156.1","Development
        Application","10/05/2019","5 Napier St, Goonellabah 2480 NSW \u003cbr/\u003e\u003cb\u003eDA19/156
        - 5 Napier Street - Carport (detached)\u003c/b\u003e"],["005.2019.00000143.001","5.2019.143.1","Development
        Application","01/05/2019","28 Elton St, Girards Hill 2480 NSW \u003cbr/\u003e\u003cb\u003eDA19/143
        - 28 Elton Street - Carport and fence with BLV\u003c/b\u003e"],["010.2019.00000147.001","10.2019.147.1","Construction
        Certificate","07/05/2019","284 Cameron Rd, Mcleans Ridges 2480 NSW \u003cbr/\u003e\u003cb\u003eDA19/147
        - 284 Cameron Road - Inground Swimming Pool\u003c/b\u003e"],["010.2019.00000144.001","10.2019.144.1","Construction
        Certificate","03/05/2019","50 Dunromin Dr, Modanville 2480 NSW \u003cbr/\u003e\u003cb\u003eDA19/144
        - 50 Dunromin Drive - Shed\u003c/b\u003e"],["005.2019.00000144.001","5.2019.144.1","Development
        Application","03/05/2019","50 Dunromin Dr, Modanville 2480 NSW \u003cbr/\u003e\u003cb\u003eDA19/144
        - 50 Dunromin Drive - Shed\u003c/b\u003e"],["010.2019.00000143.001","10.2019.143.1","Construction
        Certificate","01/05/2019","28 Elton St, Girards Hill 2480 NSW \u003cbr/\u003e\u003cb\u003eDA19/143
        - 28 Elton Street - Carport\u003c/b\u003e"],["010.2019.00000156.001","10.2019.156.1","Construction
        Certificate","10/05/2019","5 Napier St, Goonellabah 2480 NSW \u003cbr/\u003e\u003cb\u003eDA19/156
        - 5 Napier Street - Carport (detached)\u003c/b\u003e"],["010.2019.00000128.001","10.2019.128.1","Construction
        Certificate","18/04/2019","52 Bridge St, Wyrallah 2480 NSW \u003cbr/\u003e\u003cb\u003eDA19/128
        - 52 Bridge Street - Dwelling\u003c/b\u003e"],["005.2019.00000128.001","5.2019.128.1","Development
        Application","18/04/2019","52 Bridge St, Wyrallah 2480 NSW \u003cbr/\u003e\u003cb\u003eDA19/128
        - 52 Bridge Street - Dwelling\u003c/b\u003e"],["005.2019.00000135.001","5.2019.135.1","Development
        Application","26/04/2019","5 Vintage Dr, Chilcotts Grass 2480 NSW \u003cbr/\u003e\u003cb\u003eDA19/135
        - 5 Vintage Drive - Dwelling addition (garage extension)\u003c/b\u003e"],["005.2019.00000139.001","5.2019.139.1","Development
        Application","29/04/2019","33 City View Dr, East Lismore 2480 NSW \u003cbr/\u003e\u003cb\u003eDA19/139
        - 33 City Drive - Covered timber deck\u003c/b\u003e"],["005.2019.00000120.001","5.2019.120.1","Development
        Application","15/04/2019","74 James St, Dunoon 2480 NSW \u003cbr/\u003e\u003cb\u003eDA19/120
        - 74 James Street - Dwelling alterations, additions and pool\u003c/b\u003e"],["010.2019.00000135.001","10.2019.135.1","Construction
        Certificate","26/04/2019","5 Vintage Dr, Chilcotts Grass 2480 NSW \u003cbr/\u003e\u003cb\u003eDA19/135
        - 5 Vintage Drive - Extension to existing garage\u003c/b\u003e"],["010.2019.00000139.001","10.2019.139.1","Construction
        Certificate","29/04/2019","33 City View Dr, East Lismore 2480 NSW \u003cbr/\u003e\u003cb\u003eDA19/139
        - 33 City Drive - Covered timber deck\u003c/b\u003e"],["010.2019.00000145.001","10.2019.145.1","Construction
        Certificate","06/05/2019","25 Lomandra Av, Caniaba 2480 NSW \u003cbr/\u003e\u003cb\u003eShed\u003c/b\u003e"],["005.2019.00000145.001","5.2019.145.1","Development
        Application","06/05/2019","25 Lomandra Av, Caniaba 2480 NSW \u003cbr/\u003e\u003cb\u003eShed\u003c/b\u003e"],["010.2019.00000085.001","10.2019.85.1","Construction
        Certificate","13/05/2019","47 Palmers Rd, Mcleans Ridges 2480 NSW \u003cbr/\u003e\u003cb\u003eDA19/85
        - 47 Palmers Road - Alterations and additions \u0026 BLV\u003c/b\u003e"],["005.2019.00000123.001","5.2019.123.1","Development
        Application","16/04/2019","20 Renwick St, Lismore Heights 2480 NSW \u003cbr/\u003e\u003cb\u003eDA19/123
        - 20 Renwick St - Dwelling alterations, additions and pool\u003c/b\u003e"],["010.2019.00000132.001","10.2019.132.1","Construction
        Certificate","24/04/2019","392 Richmond Hill Rd, Richmond Hill 2480 NSW \u003cbr/\u003e\u003cb\u003eDA19/132
        - 392 Richmond Hill Road - Shed\u003c/b\u003e"],["005.2019.00000132.001","5.2019.132.1","Development
        Application","24/04/2019","392 Richmond Hill Rd, Richmond Hill 2480 NSW \u003cbr/\u003e\u003cb\u003eDA19/132
        - 392 Richmond Hill Road - Shed\u003c/b\u003e"],["010.2019.00000123.001","10.2019.123.1","Construction
        Certificate","16/04/2019","20 Renwick St, Lismore Heights 2480 NSW \u003cbr/\u003e\u003cb\u003eDA19/123
        - 20 Renwick St - Dwelling alterations, additions and pool\u003c/b\u003e"],["010.2019.00000154.001","10.2019.154.1","Construction
        Certificate","10/05/2019","1281 Jiggi Rd, Jiggi 2480 NSW \u003cbr/\u003e\u003cb\u003eDA19/154
        - 1281 Jiggi Road - Inground swimming pool\u003c/b\u003e"],["005.2019.00000154.001","5.2019.154.1","Development
        Application","10/05/2019","1281 Jiggi Rd, Jiggi 2480 NSW \u003cbr/\u003e\u003cb\u003eDA19/154
        - 1281 Jiggi Road - Inground swimming pool\u003c/b\u003e"],["005.2019.00000150.001","5.2019.150.1","Development
        Application","08/05/2019","894 Nimbin Rd, Goolmangar 2480 NSW \u003cbr/\u003e\u003cb\u003eDA19/150
        - Carport and Dwelling additions\u003c/b\u003e"],["010.2019.00000150.001","10.2019.150.1","Construction
        Certificate","08/05/2019","894 Nimbin Rd, Goolmangar 2480 NSW \u003cbr/\u003e\u003cb\u003eDA19/150
        - Carport and Dwelling additions\u003c/b\u003e"],["013.2018.00000396.001","13.2018.396.1","Subdivision
        Certificate","07/05/2019","39 Phillip St, Goonellabah 2480 NSW \u003cbr/\u003e\u003cb\u003eDA18/396
        - 39 Phillip Street - Subdivision\u003c/b\u003e"],["010.2019.00000122.001","10.2019.122.1","Construction
        Certificate","16/04/2019","31 City View Dr, East Lismore 2480 NSW \u003cbr/\u003e\u003cb\u003eDA19/122
        - 31 City View Drive - Carport with BLV\u003c/b\u003e"],["005.2019.00000122.001","5.2019.122.1","Development
        Application","16/04/2019","31 City View Dr, East Lismore 2480 NSW \u003cbr/\u003e\u003cb\u003eDA19/122
        - 31 City View Drive - Carport with BLV\u003c/b\u003e"],["005.2019.00000149.001","5.2019.149.1","Development
        Application","08/05/2019","76 Cullen St, Nimbin 2480 NSW \u003cbr/\u003e\u003cb\u003eDA19/149
        - 76 Cullen Street - Change of use\u003c/b\u003e"],["013.2014.00000327.001","13.2014.327.1","Subdivision
        Certificate","08/05/2019","79 Esmonde St, Girards Hill 2480 NSW \u003cbr/\u003e\u003cb\u003eDA14/327
        - 79 Esmonde Street - Subdivision (to create 2 lots) SEE MEMO\u003c/b\u003e"],["005.2019.00000138.001","5.2019.138.1","Development
        Application","26/04/2019","3 Ewandale Cl, Clunes 2480 NSW \u003cbr/\u003e\u003cb\u003eDA19/138
        - 3 Ewandale Close - Inground swimming pool\u003c/b\u003e"],["005.2019.00000162.001","5.2019.162.1","Development
        Application","14/05/2019","36 Zadoc St, Lismore 2480 NSW \u003cbr/\u003e\u003cb\u003eDA19/162
        - 39 Zadoc Street - Garage and carport\u003c/b\u003e"],["005.2019.00000160.001","5.2019.160.1","Development
        Application","14/05/2019","155 Cross Rd, Numulgi 2480 NSW \u003cbr/\u003e798
        Dunoon Rd, Modanville 2480 NSW \u003cbr/\u003e816 Dunoon Rd, Modanville 2480
        NSW \u003cbr/\u003e838 Dunoon Rd, Modanville 2480 NSW \u003cbr/\u003e886 Dunoon
        Rd, Modanville 2480 NSW \u003cbr/\u003e\u003cb\u003eSubdivision Cert NO DA\u003c/b\u003e"],["005.2019.00000159.001","5.2019.159.1","Development
        Application","14/05/2019","18 Highview Cr, Modanville 2480 NSW \u003cbr/\u003e\u003cb\u003eDA19/159
        - 18 Highview Crescent - Secondary dwelling\u003c/b\u003e"],["010.2019.00000161.001","10.2019.161.1","Construction
        Certificate","14/05/2019","16 Julieanne Pl, Bexhill 2480 NSW \u003cbr/\u003e\u003cb\u003eDA19/151-
        Dwelling and Garage with Attached Carport\u003c/b\u003e"],["005.2019.00000161.001","5.2019.161.1","Development
        Application","14/05/2019","16 Julieanne Pl, Bexhill 2480 NSW \u003cbr/\u003e\u003cb\u003eDA19/161-
        Dwelling and Garage with Attached Carport\u003c/b\u003e"],["010.2019.00000126.001","10.2019.126.1","Construction
        Certificate","17/04/2019","18 Wade St, East Lismore 2480 NSW \u003cbr/\u003e\u003cb\u003eDA19/126
        - 18 Wade Street - Additions and alterations\u003c/b\u003e"],["005.2019.00000126.001","5.2019.126.1","Development
        Application","17/04/2019","18 Wade St, East Lismore 2480 NSW \u003cbr/\u003e\u003cb\u003eDA19/126
        - 18 Wade Street - Additions and alterations\u003c/b\u003e"],["010.2019.00000157.001","10.2019.157.1","Construction
        Certificate","13/05/2019","134 Crofton Rd, Nimbin 2480 NSW \u003cbr/\u003e\u003cb\u003eDA19/157
        - 134 Crofton Road, Nimbin - Detached dual occ and expanded\u003c/b\u003e"],["005.2019.00000157.001","5.2019.157.1","Development
        Application","13/05/2019","134 Crofton Rd, Nimbin 2480 NSW \u003cbr/\u003e\u003cb\u003eDA19/157
        - 134 Crofton Road, Nimbin - Detached dual occ and expanded\u003c/b\u003e"],["005.2019.00000158.001","5.2019.158.1","Development
        Application","13/05/2019","37 Just St, Goonellabah 2480 NSW \u003cbr/\u003e\u003cb\u003eDA19/158
        - 37 Just Street - Dwelling\u003c/b\u003e"],["013.2005.00000894.001","13.2005.894.1","Subdivision
        Certificate","07/05/2019","52 Gundurimba Rd, Monaltrie 2480 NSW \u003cbr/\u003e72
        Gundurimba Rd, Monaltrie 2480 NSW \u003cbr/\u003e\u003cb\u003eDA05/894 - 52
        and 72 Gundurimba Road - Subdivision Certificate\u003c/b\u003e"],["005.2019.00000155.001","5.2019.155.1","Development
        Application","10/05/2019","657 Corndale Rd, Corndale 2480 NSW \u003cbr/\u003e\u003cb\u003eDA19/155
        - 657 Corndale Road - Detached dual occupancy\u003c/b\u003e"],["005.1988.00000330.003","5.1988.330.3","S96","09/05/2019","110
        Chelmsford Rd, Rock Valley 2480 NSW \u003cbr/\u003e\u003cb\u003eSection 4.55(1A)
        modification to amend the wording on the consent\u003c/b\u003e"],["005.2019.00000152.001","5.2019.152.1","Development
        Application","10/05/2019","101 James St, Dunoon 2480 NSW \u003cbr/\u003e103
        James St, Dunoon 2480 NSW \u003cbr/\u003e\u003cb\u003eDA19/152 - 101 \u0026
        103 James Street - Boundary adjustment\u003c/b\u003e"],["005.2019.00000133.001","5.2019.133.1","Development
        Application","24/04/2019","18 Grace Rd, Bexhill 2480 NSW \u003cbr/\u003e\u003cb\u003eDA19/133
        - 18 Grace Road - Secondary dwelling and retaining walls\u003c/b\u003e"],["010.2019.00000148.001","10.2019.148.1","Construction
        Certificate","07/05/2019","137 Leeson Rd, Whian Whian 2480 NSW \u003cbr/\u003e\u003cb\u003eDA19/148
        - 137 Leeson Road - Farm shed\u003c/b\u003e"],["005.2019.00000148.001","5.2019.148.1","Development
        Application","07/05/2019","137 Leeson Rd, Whian Whian 2480 NSW \u003cbr/\u003e\u003cb\u003eDA19/148
        - 137 Leeson Road - Farm shed\u003c/b\u003e"],["005.2018.00000301.002","5.2018.301.2","S96","08/05/2019","1
        Little Dawson St, Lismore 2480 NSW \u003cbr/\u003e63 Conway St, Lismore 2480
        NSW \u003cbr/\u003e67 Conway St, Lismore 2480 NSW \u003cbr/\u003e\u003cb\u003eS4.55(1A)
        application to modify consent\u003c/b\u003e"],["010.2014.00000349.002","10.2014.349.2","Construction
        Certificate","07/05/2019","66 Newbridge St, South Lismore 2480 NSW \u003cbr/\u003e\u003cb\u003eSec4.55(1A)
        modification to approved consent\u003c/b\u003e"],["010.2019.00000136.001","10.2019.136.1","Construction
        Certificate","08/05/2019","37 Lomandra Av, Caniaba 2480 NSW \u003cbr/\u003e\u003cb\u003e37
        Lomandra Avenue Caniaba - Dwelling(CC No.190192/01)\u003c/b\u003e"],["010.2018.00000124.001","10.2018.124.1","Construction
        Certificate","08/05/2019","24 Alternative Wy, Nimbin 2480 NSW \u003cbr/\u003e\u003cb\u003eDA18/124
        - 24 Alternative Way - Detached dual occ(CC No.2019/173.1)\u003c/b\u003e"],["005.2019.00000146.001","5.2019.146.1","Development
        Application","06/05/2019","285 Rous Rd, Chilcotts Grass 2480 NSW \u003cbr/\u003e\u003cb\u003eDA19/146
        - 285 Rous Road - Detached Dual Occupancy\u003c/b\u003e"],["005.2019.00000136.001","5.2019.136.1","Development
        Application","26/04/2019","37 Lomandra Av, Caniaba 2480 NSW \u003cbr/\u003e\u003cb\u003e37
        Lomandra Avenue Caniaba - Dwelling\u003c/b\u003e"],["005.2019.00000134.001","5.2019.134.1","Development
        Application","24/04/2019","11 Wyrallah Rd, Girards Hill 2480 NSW \u003cbr/\u003e\u003cb\u003eDA19/134
        - 11 Wyrallah Road - Removal of a tree in a Heritage area\u003c/b\u003e"],["005.2006.00000672.002","5.2006.672.2","S96","29/04/2019","135
        Three Chain Rd, South Lismore 2480 NSW \u003cbr/\u003e135A Three Chain Rd,
        South Lismore 2480 NSW \u003cbr/\u003e135B Three Chain Rd, South Lismore 2480
        NSW \u003cbr/\u003e171 Caniaba St, South Lismore 2480 NSW \u003cbr/\u003e197
        Caniaba St, South Lismore 2480 NSW \u003cbr/\u003e216 Casino St, South Lismore
        2480 NSW \u003cbr/\u003e97 Caniaba St, South Lismore 2480 NSW \u003cbr/\u003e\u003cb\u003eSection
        4.55(2) to modify approved extractive industry\u003c/b\u003e"],["005.2019.00000141.001","5.2019.141.1","Development
        Application","01/05/2019","1/7 Pineview Dr, Goonellabah 2480 NSW \u003cbr/\u003e\u003cb\u003eDA19/141
        - 1/7 Pineview Drive - Carport with a BLV to 4m\u003c/b\u003e"],["010.2019.00000141.001","10.2019.141.1","Construction
        Certificate","01/05/2019","1/7 Pineview Dr, Goonellabah 2480 NSW \u003cbr/\u003e\u003cb\u003eDA19/141
        - 1/7 Pineview Drive - Carport with a BLV to 4m\u003c/b\u003e"],["008.2019.00000006.001","8.2019.6.1","Complying
        Development","30/04/2019","11 D\u0027arcy Dr, Goonellabah 2480 NSW \u003cbr/\u003e\u003cb\u003eCDAD19/6
        - 11 Darcy Drive - Patio enclosure\u003c/b\u003e"],["005.2019.00000137.001","5.2019.137.1","Development
        Application","26/04/2019","97 Pineapple Rd, Goonellabah 2480 NSW \u003cbr/\u003e\u003cb\u003eDA19/137
        - 97 Pineapple Rd - Subdivision to create one additional lot\u003c/b\u003e"],["010.2019.00000013.001","10.2019.13.1","Construction
        Certificate","26/04/2019","17 Byrne Rd, Rosebank 2480 NSW \u003cbr/\u003e\u003cb\u003eDA19/13
        - 17 Byrne Road - Dwelling and shed(CC No. 190104/01)\u003c/b\u003e"],["005.2019.00000127.001","5.2019.127.1","Development
        Application","18/04/2019","18 Satinwood Dr, Mcleans Ridges 2480 NSW \u003cbr/\u003e\u003cb\u003eDA19/127
        - 18 Satinwood Drive - Dwelling additons and alterations\u003c/b\u003e"],["010.2019.00000127.001","10.2019.127.1","Construction
        Certificate","18/04/2019","18 Satinwood Dr, Mcleans Ridges 2480 NSW \u003cbr/\u003e\u003cb\u003eDA19/127
        - 18 Satinwood Drive - Dwelling additons and alterations\u003c/b\u003e"],["005.2019.00000125.001","5.2019.125.1","Development
        Application","17/04/2019","20 Henson Rd, Wyrallah 2480 NSW \u003cbr/\u003e\u003cb\u003eDA19/125
        - 20 Henson Road - Community Title Subdivision\u003c/b\u003e"],["005.2019.00000124.001","5.2019.124.1","Development
        Application","16/04/2019","1 Lychee Dr, Rosebank 2480 NSW \u003cbr/\u003e\u003cb\u003eDA19/124
        - 1 Lychee Drive - Dwelling\u003c/b\u003e"],["010.2018.00000157.001","10.2018.157.1","Construction
        Certificate","17/04/2019","27 Pineapple Rd, Goonellabah 2480 NSW \u003cbr/\u003e\u003cb\u003eDA18/157
        - 27 Pineapple Rd - Flexible learning centre(cc nO.12619/01)\u003c/b\u003e"],["010.2019.00000101.001","10.2019.101.1","Construction
        Certificate","17/04/2019","4 Schurr Dr, Goonellabah 2480 NSW \u003cbr/\u003e\u003cb\u003eDA19/101
        - 4 Schurr Drive - Dwelling retaining walls(CC No. 190115/01)\u003c/b\u003e"],["010.2019.00000119.001","10.2019.119.1","Construction
        Certificate","15/04/2019","31 Ewing St, Lismore 2480 NSW \u003cbr/\u003e\u003cb\u003eDA19/119
        - 31 Ewing Street - Alterations and additions\u003c/b\u003e"],["005.2019.00000121.001","5.2019.121.1","Development
        Application","15/04/2019","52 O\u0027flynn St, Lismore Heights 2480 NSW \u003cbr/\u003e\u003cb\u003eDA19/121
        - 52 O\u0027Flynn Street - Secondary Dwelling\u003c/b\u003e"]]}'
    http_version: 
  recorded_at: Mon, 13 May 2019 14:00:00 GMT
recorded_with: VCR 5.0.0
